{
    frames: [
        {"firstRoll": 0, "secondRoll": 0, frameScore: 0, runningScore: 0}
    ]
}